---
source: src/query_plan/tests.rs
expression: execution_plan
---
Resolve(6)
