---
source: src/query_plan/tests.rs
expression: execution_plan
---
Sequential:
    Resolve(3)
    Resolve(4)
    Resolve(5)
