---
source: query_plan/tests/execution.rs
expression: operation_plan
---
OperationPlan
    fields:
        [posts](by 3)
            title

    selections:
        Resolver(3):
                title
