---
source: query_plan/tests/execution.rs
expression: execution_plan
---
Resolve(3)
