---
source: src/generator/from_proto.rs
expression: result
---
schema @server @upstream {
  query: Query
}

type News @tag(id: "News") {
  body: String
  id: Int
  postImage: String
  title: String
}

type NewsList @tag(id: "NewsList") {
  news: [News]!
}

type Query {
  getAllNews: NewsList! @grpc(method: "NewsService.GetAllNews")
}
